{
  "$schema": "http://json-schema.org/draft-07/schema#",
  "title": "Time03Types",
  "type": "object",
  "required": [
    "date",
    "duration",
    "offset_date_time",
    "primitive_date",
    "time"
  ],
  "properties": {
    "date": {
      "type": "string",
      "format": "date"
    },
    "time": {
      "type": "string",
      "format": "time"
    },
    "primitive_date": {
      "$ref": "#/definitions/PrimitiveDateTime"
    },
    "offset_date_time": {
      "type": "string",
      "format": "date-time"
    },
    "duration": {
      "$ref": "#/definitions/Duration"
    }
  },
  "definitions": {
    "PrimitiveDateTime": {
      "type": "object",
      "required": [
        "date",
        "time"
      ],
      "properties": {
        "date": {
          "type": "string",
          "format": "date"
        },
        "time": {
          "type": "string",
          "format": "time"
        }
      }
    },
    "Duration": {
      "type": "object",
      "required": [
        "nanos",
        "secs"
      ],
      "properties": {
        "secs": {
          "type": "integer",
          "format": "uint64",
          "minimum": 0.0
        },
        "nanos": {
          "type": "integer",
          "format": "uint32",
          "minimum": 0.0
        }
      }
    }
  }
}